Traceback (most recent call last):
  File "F:\GameDao\Tools\AIwrite\python\_probe\_diag_cookies.py", line 45, in <module>
    raise SystemExit(asyncio.run(main()))
                     ^^^^^^^^^^^^^^^^^^^
  File "F:\Python\Lib\asyncio\runners.py", line 194, in run
    return runner.run(main)
           ^^^^^^^^^^^^^^^^
  File "F:\Python\Lib\asyncio\runners.py", line 118, in run
    return self._loop.run_until_complete(task)
           ^^^^^^^^^^^^^^^^^^^^^^^^^^^^^^^^^^^
  File "F:\Python\Lib\asyncio\base_events.py", line 684, in run_until_complete
    return future.result()
           ^^^^^^^^^^^^^^^
  File "F:\GameDao\Tools\AIwrite\python\_probe\_diag_cookies.py", line 25, in main
    async with Chrome(options=opts) as browser:
               ^^^^^^^^^^^^^^^^^^^^
  File "F:\GameDao\Tools\AIwrite\.venv\Lib\site-packages\pydoll\browser\chromium\chrome.py", line 34, in __init__
    super().__init__(options_manager, connection_port)
  File "F:\GameDao\Tools\AIwrite\.venv\Lib\site-packages\pydoll\browser\chromium\base.py", line 115, in __init__
    self.options = options_manager.initialize_options()
                   ^^^^^^^^^^^^^^^^^^^^^^^^^^^^^^^^^^^^
  File "F:\GameDao\Tools\AIwrite\.venv\Lib\site-packages\pydoll\browser\managers\browser_options_manager.py", line 54, in initialize_options
    self.add_default_arguments()
  File "F:\GameDao\Tools\AIwrite\.venv\Lib\site-packages\pydoll\browser\managers\browser_options_manager.py", line 61, in add_default_arguments
    self.options.add_argument('--no-first-run')
  File "F:\GameDao\Tools\AIwrite\.venv\Lib\site-packages\pydoll\browser\options.py", line 108, in add_argument
    raise ArgumentAlreadyExistsInOptions(f'Argument already exists: {argument}')
pydoll.exceptions.ArgumentAlreadyExistsInOptions: Argument already exists: --no-first-run
