----------------------------------------
----------------------------------------
Exception occurred during processing of request from ('127.0.0.1', 60292)
Exception occurred during processing of request from ('127.0.0.1', 54239)
Traceback (most recent call last):
Traceback (most recent call last):
  File "F:\Python\Lib\socketserver.py", line 692, in process_request_thread
    self.finish_request(request, client_address)
  File "F:\Python\Lib\socketserver.py", line 692, in process_request_thread
    self.finish_request(request, client_address)
  File "F:\Python\Lib\socketserver.py", line 362, in finish_request
    self.RequestHandlerClass(request, client_address, self)
  File "F:\Python\Lib\socketserver.py", line 362, in finish_request
    self.RequestHandlerClass(request, client_address, self)
  File "F:\Python\Lib\socketserver.py", line 761, in __init__
    self.handle()
  File "F:\Python\Lib\socketserver.py", line 761, in __init__
    self.handle()
  File "F:\Python\Lib\http\server.py", line 438, in handle
    self.handle_one_request()
  File "F:\Python\Lib\http\server.py", line 438, in handle
    self.handle_one_request()
  File "F:\Python\Lib\http\server.py", line 404, in handle_one_request
    self.raw_requestline = self.rfile.readline(65537)
                           ^^^^^^^^^^^^^^^^^^^^^^^^^^
  File "F:\Python\Lib\http\server.py", line 404, in handle_one_request
    self.raw_requestline = self.rfile.readline(65537)
                           ^^^^^^^^^^^^^^^^^^^^^^^^^^
  File "F:\Python\Lib\socket.py", line 707, in readinto
    return self._sock.recv_into(b)
           ^^^^^^^^^^^^^^^^^^^^^^^
ConnectionResetError: [WinError 10054] An existing connection was forcibly closed by the remote host
  File "F:\Python\Lib\socket.py", line 707, in readinto
    return self._sock.recv_into(b)
           ^^^^^^^^^^^^^^^^^^^^^^^
----------------------------------------
ConnectionResetError: [WinError 10054] An existing connection was forcibly closed by the remote host
----------------------------------------
----------------------------------------
----------------------------------------
Exception occurred during processing of request from ('127.0.0.1', 55577)
Exception occurred during processing of request from ('127.0.0.1', 54839)
Traceback (most recent call last):
Traceback (most recent call last):
  File "F:\Python\Lib\socketserver.py", line 692, in process_request_thread
    self.finish_request(request, client_address)
  File "F:\Python\Lib\socketserver.py", line 692, in process_request_thread
    self.finish_request(request, client_address)
  File "F:\Python\Lib\socketserver.py", line 362, in finish_request
    self.RequestHandlerClass(request, client_address, self)
  File "F:\Python\Lib\socketserver.py", line 362, in finish_request
    self.RequestHandlerClass(request, client_address, self)
  File "F:\Python\Lib\socketserver.py", line 761, in __init__
    self.handle()
  File "F:\Python\Lib\socketserver.py", line 761, in __init__
    self.handle()
  File "F:\Python\Lib\http\server.py", line 438, in handle
    self.handle_one_request()
  File "F:\Python\Lib\http\server.py", line 438, in handle
    self.handle_one_request()
  File "F:\Python\Lib\http\server.py", line 404, in handle_one_request
    self.raw_requestline = self.rfile.readline(65537)
                           ^^^^^^^^^^^^^^^^^^^^^^^^^^
  File "F:\Python\Lib\socket.py", line 707, in readinto
    return self._sock.recv_into(b)
           ^^^^^^^^^^^^^^^^^^^^^^^
  File "F:\Python\Lib\http\server.py", line 404, in handle_one_request
    self.raw_requestline = self.rfile.readline(65537)
                           ^^^^^^^^^^^^^^^^^^^^^^^^^^
ConnectionResetError: [WinError 10054] An existing connection was forcibly closed by the remote host
  File "F:\Python\Lib\socket.py", line 707, in readinto
    return self._sock.recv_into(b)
           ^^^^^^^^^^^^^^^^^^^^^^^
----------------------------------------
ConnectionResetError: [WinError 10054] An existing connection was forcibly closed by the remote host
----------------------------------------
----------------------------------------
Exception occurred during processing of request from ('127.0.0.1', 58868)
----------------------------------------
Traceback (most recent call last):
Exception occurred during processing of request from ('127.0.0.1', 58706)
  File "F:\Python\Lib\socketserver.py", line 692, in process_request_thread
    self.finish_request(request, client_address)
Traceback (most recent call last):
  File "F:\Python\Lib\socketserver.py", line 362, in finish_request
    self.RequestHandlerClass(request, client_address, self)
  File "F:\Python\Lib\socketserver.py", line 692, in process_request_thread
    self.finish_request(request, client_address)
  File "F:\Python\Lib\socketserver.py", line 761, in __init__
    self.handle()
  File "F:\Python\Lib\socketserver.py", line 362, in finish_request
    self.RequestHandlerClass(request, client_address, self)
  File "F:\Python\Lib\http\server.py", line 438, in handle
    self.handle_one_request()
  File "F:\Python\Lib\socketserver.py", line 761, in __init__
    self.handle()
  File "F:\Python\Lib\http\server.py", line 404, in handle_one_request
    self.raw_requestline = self.rfile.readline(65537)
                           ^^^^^^^^^^^^^^^^^^^^^^^^^^
  File "F:\Python\Lib\http\server.py", line 438, in handle
    self.handle_one_request()
  File "F:\Python\Lib\socket.py", line 707, in readinto
    return self._sock.recv_into(b)
           ^^^^^^^^^^^^^^^^^^^^^^^
  File "F:\Python\Lib\http\server.py", line 404, in handle_one_request
    self.raw_requestline = self.rfile.readline(65537)
                           ^^^^^^^^^^^^^^^^^^^^^^^^^^
ConnectionResetError: [WinError 10054] An existing connection was forcibly closed by the remote host
  File "F:\Python\Lib\socket.py", line 707, in readinto
    return self._sock.recv_into(b)
           ^^^^^^^^^^^^^^^^^^^^^^^
----------------------------------------
ConnectionResetError: [WinError 10054] An existing connection was forcibly closed by the remote host
----------------------------------------
----------------------------------------
Exception occurred during processing of request from ('127.0.0.1', 64493)
Traceback (most recent call last):
  File "F:\Python\Lib\socketserver.py", line 692, in process_request_thread
    self.finish_request(request, client_address)
  File "F:\Python\Lib\socketserver.py", line 362, in finish_request
    self.RequestHandlerClass(request, client_address, self)
  File "F:\Python\Lib\socketserver.py", line 761, in __init__
    self.handle()
  File "F:\Python\Lib\http\server.py", line 438, in handle
    self.handle_one_request()
  File "F:\Python\Lib\http\server.py", line 404, in handle_one_request
    self.raw_requestline = self.rfile.readline(65537)
                           ^^^^^^^^^^^^^^^^^^^^^^^^^^
  File "F:\Python\Lib\socket.py", line 707, in readinto
    return self._sock.recv_into(b)
           ^^^^^^^^^^^^^^^^^^^^^^^
ConnectionResetError: [WinError 10054] An existing connection was forcibly closed by the remote host
----------------------------------------
----------------------------------------
Exception occurred during processing of request from ('127.0.0.1', 57609)
Traceback (most recent call last):
  File "F:\Python\Lib\socketserver.py", line 692, in process_request_thread
    self.finish_request(request, client_address)
  File "F:\Python\Lib\socketserver.py", line 362, in finish_request
    self.RequestHandlerClass(request, client_address, self)
  File "F:\Python\Lib\socketserver.py", line 761, in __init__
    self.handle()
  File "F:\Python\Lib\http\server.py", line 438, in handle
    self.handle_one_request()
  File "F:\Python\Lib\http\server.py", line 424, in handle_one_request
    method()
  File "F:\GameDao\Tools\AIwrite\python\_probe\local_server.py", line 87, in do_GET
    self._chunk(f'data: chunk-{i}\n\n'.encode('utf-8'))
  File "F:\GameDao\Tools\AIwrite\python\_probe\local_server.py", line 62, in _chunk
    self.wfile.write(b'%X\r\n' % len(payload) + payload + b'\r\n')
  File "F:\Python\Lib\socketserver.py", line 840, in write
    self._sock.sendall(b)
ConnectionResetError: [WinError 10054] An existing connection was forcibly closed by the remote host
----------------------------------------
