----------------------------------------
----------------------------------------
Exception occurred during processing of request from ('127.0.0.1', 55543)
Exception occurred during processing of request from ('127.0.0.1', 58232)
Traceback (most recent call last):
Traceback (most recent call last):
  File "F:\Python\Lib\socketserver.py", line 692, in process_request_thread
    self.finish_request(request, client_address)
  File "F:\Python\Lib\socketserver.py", line 692, in process_request_thread
    self.finish_request(request, client_address)
  File "F:\Python\Lib\socketserver.py", line 362, in finish_request
    self.RequestHandlerClass(request, client_address, self)
  File "F:\Python\Lib\socketserver.py", line 362, in finish_request
    self.RequestHandlerClass(request, client_address, self)
  File "F:\Python\Lib\socketserver.py", line 761, in __init__
    self.handle()
  File "F:\Python\Lib\socketserver.py", line 761, in __init__
    self.handle()
  File "F:\Python\Lib\http\server.py", line 438, in handle
    self.handle_one_request()
  File "F:\Python\Lib\http\server.py", line 438, in handle
    self.handle_one_request()
  File "F:\Python\Lib\http\server.py", line 404, in handle_one_request
    self.raw_requestline = self.rfile.readline(65537)
                           ^^^^^^^^^^^^^^^^^^^^^^^^^^
  File "F:\Python\Lib\http\server.py", line 404, in handle_one_request
    self.raw_requestline = self.rfile.readline(65537)
                           ^^^^^^^^^^^^^^^^^^^^^^^^^^
  File "F:\Python\Lib\socket.py", line 707, in readinto
    return self._sock.recv_into(b)
           ^^^^^^^^^^^^^^^^^^^^^^^
  File "F:\Python\Lib\socket.py", line 707, in readinto
    return self._sock.recv_into(b)
           ^^^^^^^^^^^^^^^^^^^^^^^
ConnectionResetError: [WinError 10054] An existing connection was forcibly closed by the remote host
ConnectionResetError: [WinError 10054] An existing connection was forcibly closed by the remote host
----------------------------------------
----------------------------------------
----------------------------------------
----------------------------------------
Exception occurred during processing of request from ('127.0.0.1', 55255)
Exception occurred during processing of request from ('127.0.0.1', 54327)
Traceback (most recent call last):
Traceback (most recent call last):
  File "F:\Python\Lib\socketserver.py", line 692, in process_request_thread
    self.finish_request(request, client_address)
  File "F:\Python\Lib\socketserver.py", line 692, in process_request_thread
    self.finish_request(request, client_address)
  File "F:\Python\Lib\socketserver.py", line 362, in finish_request
    self.RequestHandlerClass(request, client_address, self)
  File "F:\Python\Lib\socketserver.py", line 362, in finish_request
    self.RequestHandlerClass(request, client_address, self)
  File "F:\Python\Lib\socketserver.py", line 761, in __init__
    self.handle()
  File "F:\Python\Lib\http\server.py", line 438, in handle
    self.handle_one_request()
  File "F:\Python\Lib\socketserver.py", line 761, in __init__
    self.handle()
  File "F:\Python\Lib\http\server.py", line 404, in handle_one_request
    self.raw_requestline = self.rfile.readline(65537)
                           ^^^^^^^^^^^^^^^^^^^^^^^^^^
  File "F:\Python\Lib\http\server.py", line 438, in handle
    self.handle_one_request()
  File "F:\Python\Lib\socket.py", line 707, in readinto
    return self._sock.recv_into(b)
           ^^^^^^^^^^^^^^^^^^^^^^^
  File "F:\Python\Lib\http\server.py", line 404, in handle_one_request
    self.raw_requestline = self.rfile.readline(65537)
                           ^^^^^^^^^^^^^^^^^^^^^^^^^^
ConnectionResetError: [WinError 10054] An existing connection was forcibly closed by the remote host
  File "F:\Python\Lib\socket.py", line 707, in readinto
    return self._sock.recv_into(b)
           ^^^^^^^^^^^^^^^^^^^^^^^
----------------------------------------
ConnectionResetError: [WinError 10054] An existing connection was forcibly closed by the remote host
----------------------------------------
----------------------------------------
Exception occurred during processing of request from ('127.0.0.1', 50371)
----------------------------------------
Traceback (most recent call last):
Exception occurred during processing of request from ('127.0.0.1', 58135)
  File "F:\Python\Lib\socketserver.py", line 692, in process_request_thread
    self.finish_request(request, client_address)
Traceback (most recent call last):
  File "F:\Python\Lib\socketserver.py", line 362, in finish_request
    self.RequestHandlerClass(request, client_address, self)
  File "F:\Python\Lib\socketserver.py", line 692, in process_request_thread
    self.finish_request(request, client_address)
  File "F:\Python\Lib\socketserver.py", line 761, in __init__
    self.handle()
  File "F:\Python\Lib\socketserver.py", line 362, in finish_request
    self.RequestHandlerClass(request, client_address, self)
  File "F:\Python\Lib\http\server.py", line 438, in handle
    self.handle_one_request()
  File "F:\Python\Lib\socketserver.py", line 761, in __init__
    self.handle()
  File "F:\Python\Lib\http\server.py", line 404, in handle_one_request
    self.raw_requestline = self.rfile.readline(65537)
                           ^^^^^^^^^^^^^^^^^^^^^^^^^^
  File "F:\Python\Lib\http\server.py", line 438, in handle
    self.handle_one_request()
  File "F:\Python\Lib\socket.py", line 707, in readinto
    return self._sock.recv_into(b)
           ^^^^^^^^^^^^^^^^^^^^^^^
  File "F:\Python\Lib\http\server.py", line 404, in handle_one_request
    self.raw_requestline = self.rfile.readline(65537)
                           ^^^^^^^^^^^^^^^^^^^^^^^^^^
ConnectionResetError: [WinError 10054] An existing connection was forcibly closed by the remote host
  File "F:\Python\Lib\socket.py", line 707, in readinto
    return self._sock.recv_into(b)
           ^^^^^^^^^^^^^^^^^^^^^^^
----------------------------------------
ConnectionResetError: [WinError 10054] An existing connection was forcibly closed by the remote host
----------------------------------------
Traceback (most recent call last):
  File "F:\GameDao\Tools\AIwrite\python\_probe\m7b03_cdp_stream.py", line 382, in <module>
    raise SystemExit(asyncio.run(main()))
                     ^^^^^^^^^^^^^^^^^^^
  File "F:\Python\Lib\asyncio\runners.py", line 194, in run
    return runner.run(main)
           ^^^^^^^^^^^^^^^^
  File "F:\Python\Lib\asyncio\runners.py", line 118, in run
    return self._loop.run_until_complete(task)
           ^^^^^^^^^^^^^^^^^^^^^^^^^^^^^^^^^^^
  File "F:\Python\Lib\asyncio\base_events.py", line 684, in run_until_complete
    return future.result()
           ^^^^^^^^^^^^^^^
  File "F:\GameDao\Tools\AIwrite\python\_probe\m7b03_cdp_stream.py", line 355, in main
    'span_ms': (route4['samples'][-1]['ms'] -
                ~~~~~~~~~~~~~~~~~^^^^
IndexError: list index out of range
